// Jest Snapshot v1, https://goo.gl/fbAQLP

exports[`VerticalNavigation should render without crashing 1`] = `
<DocumentFragment>
  <div
    class="mpgn"
  />
</DocumentFragment>
`;
